// Jest Snapshot v1, https://goo.gl/fbAQLP

exports[`renders correctly 1`] = `
<div
  className="css-view-1dbjc4n r-paddingHorizontal-1j3t67a"
>
  <div
    className="css-view-1dbjc4n r-alignItems-obd0qt r-borderBottomColor-mbada r-borderBottomWidth-opedn5 r-flexDirection-18u37iz r-paddingHorizontal-utggzx r-paddingVertical-atwnbb"
  >
    <div
      className="css-view-1dbjc4n r-flexBasis-1mlwlqe r-overflow-1udh08x r-zIndex-417010"
      style={
        Object {
          "height": "50px",
          "width": "50px",
        }
      }
    >
      <div
        className="css-view-1dbjc4n r-backgroundColor-1niwhzg r-backgroundPosition-vvn4in r-backgroundRepeat-u6sd8q r-backgroundSize-ehq7j7 r-bottom-1p0dtai r-height-1pi2tsx r-left-1d2f490 r-position-u8s1d r-right-zchlnj r-top-ipm5af r-width-13qz1uu r-zIndex-1wyyakw"
      />
    </div>
    <div
      className="css-text-901oao r-fontFamily-1cu1fuh r-fontSize-adyw6z"
      dir="auto"
      onClick={[Function]}
    >
      Taps near me
    </div>
  </div>
</div>
`;
