// Jest Snapshot v1, https://goo.gl/fbAQLP

exports[`renders correctly 1`] = `
<div
  className="css-view-1dbjc4n r-cursor-1loqt21 r-paddingHorizontal-1pn2ns4 r-touchAction-1otgn73 r-transitionProperty-1i6wzkk r-userSelect-lrvibr"
  data-focusable={true}
  data-testid="NavIcons.Button"
  onClick={[Function]}
  onContextMenu={[Function]}
  onKeyDown={[Function]}
  style={
    Object {
      "WebkitTransitionDuration": "0s",
      "transitionDuration": "0s",
    }
  }
  tabIndex="0"
>
  <div
    className="css-view-1dbjc4n r-flexBasis-1mlwlqe r-overflow-1udh08x r-zIndex-417010"
    style={
      Object {
        "height": "40px",
        "width": "40px",
      }
    }
  >
    <div
      className="css-view-1dbjc4n r-backgroundColor-1niwhzg r-backgroundPosition-vvn4in r-backgroundRepeat-u6sd8q r-backgroundSize-4gszlv r-bottom-1p0dtai r-height-1pi2tsx r-left-1d2f490 r-position-u8s1d r-right-zchlnj r-top-ipm5af r-width-13qz1uu r-zIndex-1wyyakw"
    />
  </div>
</div>
`;
