// Jest Snapshot v1, https://goo.gl/fbAQLP

exports[`renders correctly 1`] = `
<div
  className="css-view-1dbjc4n r-alignItems-1awozwy r-flex-13awgt0 r-justifyContent-1777fci"
>
  <div
    className="css-view-1dbjc4n r-alignSelf-k200y r-cursor-1loqt21 r-justifyContent-1777fci r-left-1t68eob r-position-u8s1d r-top-12pp1o0 r-touchAction-1otgn73 r-transitionProperty-1i6wzkk r-userSelect-lrvibr"
    data-focusable={true}
    onClick={[Function]}
    onContextMenu={[Function]}
    onKeyDown={[Function]}
    style={
      Object {
        "WebkitTransitionDuration": "0s",
        "transitionDuration": "0s",
      }
    }
    tabIndex="0"
  >
    <div
      className="css-view-1dbjc4n r-flexBasis-1mlwlqe r-overflow-1udh08x r-zIndex-417010"
      style={
        Object {
          "height": "30px",
          "width": "30px",
        }
      }
    >
      <div
        className="css-view-1dbjc4n r-backgroundColor-1niwhzg r-backgroundPosition-vvn4in r-backgroundRepeat-u6sd8q r-backgroundSize-4gszlv r-bottom-1p0dtai r-height-1pi2tsx r-left-1d2f490 r-position-u8s1d r-right-zchlnj r-top-ipm5af r-width-13qz1uu r-zIndex-1wyyakw"
        style={
          Object {
            "WebkitFilter": "url(#tint-0)",
            "filter": "url(#tint-0)",
          }
        }
      />
      <svg
        style={
          Object {
            "height": 0,
            "position": "absolute",
            "visibility": "hidden",
            "width": 0,
          }
        }
      >
        <defs>
          <filter
            id="tint-0"
            suppressHydrationWarning={true}
          >
            <feFlood
              floodColor="#000000"
            />
            <feComposite
              in2="SourceAlpha"
              operator="atop"
            />
          </filter>
        </defs>
      </svg>
    </div>
  </div>
  <div
    className="css-text-901oao"
    dir="auto"
    onClick={[Function]}
  >
    Filter Screen
  </div>
</div>
`;
